// Jest Snapshot v1, https://goo.gl/fbAQLP

exports[`ValidateDogProfileEnergy component renders the UI as expected 1`] = `
<ValidateDogProfileEnergy
  energy=""
  energyError="You must select your dog's energy level."
  setEnergyError={[Function]}
>
  <p
    className="ValidateDogProfileEnergy__validator error"
    id="energy-validator"
  >
    You must select your dog's energy level.
  </p>
</ValidateDogProfileEnergy>
`;
