// Jest Snapshot v1, https://goo.gl/fbAQLP

exports[`ValidateDogProfileAge component renders the UI as expected 1`] = `
<ValidateDogProfileAge
  ageError="You must enter an age."
  ageMonths=""
  ageYears=""
  setAgeError={[Function]}
>
  <p
    className="ValidateDogProfileAge__validator error"
    id="age-validator"
  >
    You must enter an age.
  </p>
</ValidateDogProfileAge>
`;
