// Jest Snapshot v1, https://goo.gl/fbAQLP

exports[`ValidateDogProfileSex component renders the UI as expected 1`] = `
<ValidateDogProfileSex
  setSexError={[Function]}
  sex=""
  sexError="You must select your dog's sex."
>
  <p
    className="ValidateDogProfileSex__validator error"
    id="sex-validator"
  >
    You must select your dog's sex.
  </p>
</ValidateDogProfileSex>
`;
