// Jest Snapshot v1, https://goo.gl/fbAQLP

exports[`DogDescription component renders the UI as expected 1`] = `
<DogDescription
  data={
    Object {
      "dislikesMenP": false,
      "dislikesPuppiesP": false,
      "dislikesWomenP": false,
      "elderlyDogP": false,
      "energyErrorP": "",
      "energyP": "",
      "foodAggressionP": false,
      "leashAggressionP": false,
      "littleExperienceP": false,
      "lovesPeopleP": false,
      "muchExperienceP": false,
      "noChildrenP": false,
      "obedienceErrorP": "",
      "obedienceP": "",
      "personalMessageErrorP": "",
      "personalMessageP": "",
      "recentlyAdoptedP": false,
      "setDislikesMenP": [Function],
      "setDislikesPuppiesP": [Function],
      "setDislikesWomenP": [Function],
      "setElderlyDogP": [Function],
      "setEnergyErrorP": [Function],
      "setEnergyP": [Function],
      "setFoodAggressionP": [Function],
      "setLeashAggressionP": [Function],
      "setLittleExperienceP": [Function],
      "setLovesPeopleP": [Function],
      "setMuchExperienceP": [Function],
      "setNoChildrenP": [Function],
      "setObedienceErrorP": [Function],
      "setObedienceP": [Function],
      "setPersonalMessageErrorP": [Function],
      "setPersonalMessageP": [Function],
      "setRecentlyAdoptedP": [Function],
      "setTempermentErrorP": [Function],
      "setTempermentP": [Function],
      "tempermentErrorP": "",
      "tempermentP": "",
    }
  }
>
  <fieldset
    className="DogDescription__outer-fieldset outer-fieldset"
  >
    <legend>
      Describe your Dog
    </legend>
    <fieldset
      className="sub-fieldset"
    >
      <legend>
        How energetic is your dog?
      </legend>
      <div>
        <input
          aria-describedby="energy-validator"
          checked={false}
          className="DogDescription__input radio"
          id="low-energy"
          name="energy-level"
          onChange={[Function]}
          required={true}
          type="radio"
          value="Not very..."
        />
        <label
          htmlFor="low-energy"
        >
          Not very...
        </label>
      </div>
      <div>
        <input
          aria-describedby="energy-validator"
          checked={false}
          className="DogDescription__input radio"
          id="medium-energy"
          name="energy-level"
          onChange={[Function]}
          required={true}
          type="radio"
          value="About as energetic as the average dog."
        />
        <label
          htmlFor="medium-energy"
        >
          About as energetic as the average dog.
        </label>
      </div>
      <div>
        <input
          aria-describedby="energy-validator"
          checked={false}
          className="DogDescription__input radio"
          id="high-energy"
          name="energy-level"
          onChange={[Function]}
          required={true}
          type="radio"
          value="Very energetic."
        />
        <label
          htmlFor="high-energy"
        >
          Very energetic.
        </label>
      </div>
      <div>
        <input
          aria-describedby="energy-validator"
          checked={false}
          className="DogDescription__input radio"
          id="extreme-energy"
          name="energy-level"
          onChange={[Function]}
          required={true}
          type="radio"
          value="So... much... energy... it never runs out."
        />
        <label
          htmlFor="extreme-energy"
        >
          So... much... energy... it never runs out.
        </label>
      </div>
      <div
        className="DogDescription__alert-div"
        role="alert"
      >
        <ValidateDogProfileEnergy
          energy=""
          energyError="You must select your dog's energy level."
          setEnergyError={[Function]}
        >
          <p
            className="ValidateDogProfileEnergy__validator error"
            id="energy-validator"
          >
            You must select your dog's energy level.
          </p>
        </ValidateDogProfileEnergy>
      </div>
    </fieldset>
    <hr />
    <fieldset
      className="sub-fieldset"
    >
      <legend>
        How would you describe your dog's temperment?
      </legend>
      <div>
        <input
          aria-describedby="temperment-validator"
          checked={false}
          className="DogDescription__input radio"
          id="temperment-nervous"
          name="temperment"
          onChange={[Function]}
          required={true}
          type="radio"
          value="Nervous around new people or dogs"
        />
        <label
          htmlFor="temperment-nervous"
        >
          Nervous around new people or dogs
        </label>
      </div>
      <div>
        <input
          aria-describedby="temperment-validator"
          checked={false}
          className="DogDescription__input radio"
          id="temperment-shy"
          name="temperment"
          onChange={[Function]}
          required={true}
          type="radio"
          value="Shy, but not skiddish or nervous"
        />
        <label
          htmlFor="temperment-shy"
        >
          Shy, but not skiddish or nervous
        </label>
      </div>
      <div>
        <input
          aria-describedby="temperment-validator"
          checked={false}
          className="DogDescription__input radio"
          id="temperment-indifferent"
          name="temperment"
          onChange={[Function]}
          required={true}
          type="radio"
          value="Somewhat indifferent to most dogs"
        />
        <label
          htmlFor="temperment-indifferent"
        >
          Somewhat indifferent to most dogs
        </label>
      </div>
      <div>
        <input
          aria-describedby="temperment-validator"
          checked={false}
          className="DogDescription__input radio"
          id="temperment-outgoing"
          name="temperment"
          onChange={[Function]}
          required={true}
          type="radio"
          value="Outgoing and eager to be friends with most dogs"
        />
        <label
          htmlFor="temperment-outgoing"
        >
          Outgoing and eager to be friends with most dogs
        </label>
      </div>
      <div>
        <input
          aria-describedby="temperment-validator"
          checked={false}
          className="DogDescription__input radio"
          id="temperment-aggressive"
          name="temperment"
          onChange={[Function]}
          required={true}
          type="radio"
          value="On the aggressive side and always trying to be the alpha"
        />
        <label
          htmlFor="temperment-aggressive"
        >
          On the aggressive side and always trying to be the alpha
        </label>
      </div>
      <div
        className="DogDescription__alert-div"
        role="alert"
      >
        <ValidateDogProfileTemperment
          setTempermentError={[Function]}
          temperment=""
          tempermentError="You must select your dog's temperment."
        >
          <p
            className="ValidateDogProfileTemperment__validator error"
            id="temperment-validator"
          >
            You must select your dog's temperment.
          </p>
        </ValidateDogProfileTemperment>
      </div>
    </fieldset>
    <hr />
    <fieldset
      className="sub-fieldset"
    >
      <legend>
        How well trained and obedient is your dog?
      </legend>
      <div>
        <input
          aria-describedby="obedience-validator"
          checked={false}
          className="DogDescription__input radio"
          id="no-training"
          name="training-level"
          onChange={[Function]}
          required={true}
          type="radio"
          value="Not trained at all and struggles with obedience..."
        />
        <label
          htmlFor="no-training"
        >
          Not trained at all and struggles with obedience...
        </label>
      </div>
      <div>
        <input
          aria-describedby="obedience-validator"
          checked={false}
          className="DogDescription__input radio"
          id="some-training"
          name="training-level"
          onChange={[Function]}
          required={true}
          type="radio"
          value="Some training, but not always obedient"
        />
        <label
          htmlFor="some-training"
        >
          Some training, but not always obedient
        </label>
      </div>
      <div>
        <input
          aria-describedby="obedience-validator"
          checked={false}
          className="DogDescription__input radio"
          id="well-trained"
          name="training-level"
          onChange={[Function]}
          required={true}
          type="radio"
          value="Well trained in basic commands and generally obedient"
        />
        <label
          htmlFor="well-trained"
        >
          Well trained in basic commands and generally obedient
        </label>
      </div>
      <div>
        <input
          aria-describedby="obedience-validator"
          checked={false}
          className="DogDescription__input radio"
          id="very-well-trained"
          name="training-level"
          onChange={[Function]}
          required={true}
          type="radio"
          value="Very-well trained and always obedient"
        />
        <label
          htmlFor="very-well-trained"
        >
          Very-well trained and always obedient
        </label>
      </div>
      <div
        className="DogDescription__alert-div"
        role="alert"
      >
        <ValidateDogProfileObedience
          obedience=""
          obedienceError="You must select your dog's obedience level."
          setObedienceError={[Function]}
        >
          <p
            className="ValidateDogProfileObedience__validator error"
            id="obedience-validator"
          >
            You must select your dog's obedience level.
          </p>
        </ValidateDogProfileObedience>
      </div>
    </fieldset>
    <hr />
    <fieldset
      className="sub-fieldset"
    >
      <legend>
        What else should others know about your dog?
      </legend>
      <div>
        <input
          checked={false}
          className="DogDescription__input checkbox"
          id="other-dislikes-puppies"
          name="other-dislikes-puppies"
          onChange={[Function]}
          type="checkbox"
          value="Dislikes puppies"
        />
        <label
          htmlFor="other-dislikes-puppies"
        >
          Dislikes puppies
        </label>
      </div>
      <div>
        <input
          checked={false}
          className="DogDescription__input checkbox"
          id="other-dislikes-men"
          name="other-dislikes-men"
          onChange={[Function]}
          type="checkbox"
          value="Dislikes men"
        />
        <label
          htmlFor="other-dislikes-men"
        >
          Dislikes men
        </label>
      </div>
      <div>
        <input
          checked={false}
          className="DogDescription__input checkbox"
          id="other-dislikes-women"
          name="other-dislikes-women"
          onChange={[Function]}
          type="checkbox"
          value="Dislikes women"
        />
        <label
          htmlFor="other-dislikes-women"
        >
          Dislikes women
        </label>
      </div>
      <div>
        <input
          checked={false}
          className="DogDescription__input checkbox"
          id="other-no-children"
          name="other-no-children"
          onChange={[Function]}
          type="checkbox"
          value="Not good with children"
        />
        <label
          htmlFor="other-no-children"
        >
          Not good with children
        </label>
      </div>
      <div>
        <input
          checked={false}
          className="DogDescription__input checkbox"
          id="other-recently-adopted"
          name="other-recently-adopted"
          onChange={[Function]}
          type="checkbox"
          value="Recently adopted"
        />
        <label
          htmlFor="other-recently-adopted"
        >
          Recently adopted
        </label>
      </div>
      <div>
        <input
          checked={false}
          className="DogDescription__input checkbox"
          id="other-loves-people"
          name="other-loves-people"
          onChange={[Function]}
          type="checkbox"
          value="Prefers people to dogs"
        />
        <label
          htmlFor="other-loves-people"
        >
          Prefers people to dogs
        </label>
      </div>
      <div>
        <input
          checked={false}
          className="DogDescription__input checkbox"
          id="other-leash-aggression"
          name="other-leash-aggression"
          onChange={[Function]}
          type="checkbox"
          value="Has leash aggression"
        />
        <label
          htmlFor="other-leash-aggression"
        >
          Has leash aggression
        </label>
      </div>
      <div>
        <input
          checked={false}
          className="DogDescription__input checkbox"
          id="other-elderly"
          name="other-elderly"
          onChange={[Function]}
          type="checkbox"
          value="Elderly dog"
        />
        <label
          htmlFor="other-elderly"
        >
          Elderly dog
        </label>
      </div>
      <div>
        <input
          checked={false}
          className="DogDescription__input checkbox"
          id="other-little-experience"
          name="other-little-experience"
          onChange={[Function]}
          type="checkbox"
          value="Has spent little time with other dogs"
        />
        <label
          htmlFor="other-little-experience"
        >
          Has spent little time with other dogs
        </label>
      </div>
      <div>
        <input
          checked={false}
          className="DogDescription__input checkbox"
          id="other-much-experience"
          name="other-much-experience"
          onChange={[Function]}
          type="checkbox"
          value="Has a lot of experience playing with other dogs"
        />
        <label
          htmlFor="other-much-experience"
        >
          Has a lot of experience playing with other dogs
        </label>
      </div>
      <div>
        <input
          checked={false}
          className="DogDescription__input checkbox"
          id="other-food-aggression"
          name="other-food-aggression"
          onChange={[Function]}
          type="checkbox"
          value="Aggressive around and protective of food"
        />
        <label
          htmlFor="other-food-aggression"
        >
          Aggressive around and protective of food
        </label>
      </div>
    </fieldset>
    <hr />
    <div
      className="DogDescription__message-container"
    >
      <label
        htmlFor="own-description"
      >
        <b>
          Describe your dog in your own words
        </b>
      </label>
      <textarea
        aria-describedby="personal-message-validator"
        id="own-description"
        maxLength="2000"
        name="own-description"
        onChange={[Function]}
        placeholder="My dog is..."
        rows="10"
        value=""
      />
    </div>
    <div
      className="DogDescription__alert-div"
      role="alert"
    >
      <ValidatePersonalMessage
        personalMessage=""
        personalMessageError={null}
        setPersonalMessageError={[Function]}
      >
        <p
          className="ValidatePersonalMessage__validator"
          id="personal-message-validator"
        >
          Personal message optional. (Limited to 2000 characters.)
        </p>
      </ValidatePersonalMessage>
    </div>
  </fieldset>
</DogDescription>
`;
