// Jest Snapshot v1, https://goo.gl/fbAQLP

exports[`ValidatePassword component renders the UI as expected 1`] = `
<ValidatePassword
  password=""
  passwordError={Object {}}
  passwordErrorMessage={Array []}
  setPasswordError={[Function]}
  setPasswordErrorMessage={[Function]}
>
  <div
    className="ValidatePassword__password-error-message"
    role="alert"
  >
    <p
      id="password-error-message"
    >
      Error: Something went wrong. Check your connection and try again.
    </p>
  </div>
</ValidatePassword>
`;
