// Jest Snapshot v1, https://goo.gl/fbAQLP

exports[`ReviewPage component renders the UI as expected 1`] = `
<ReviewPage
  history={
    Object {
      "push": [Function],
    }
  }
  match={
    Object {
      "params": Object {
        "id": "",
      },
    }
  }
>
  <section
    aria-live="polite"
    className="section"
  >
    <header
      className="ReviewPage__outer-header"
    >
      <h1>
        Woof...
      </h1>
    </header>
    <p>
      Looks like something went wrong. Check the url and try again.
    </p>
  </section>
</ReviewPage>
`;
