// Jest Snapshot v1, https://goo.gl/fbAQLP

exports[`ReviewFormStarRater component renders the UI as expected 1`] = `
<ReviewFormStarRater
  classSuffix=""
  currentState=""
  legendText=""
  required={false}
  setter={[Function]}
>
  <fieldset
    className="sub-fieldset"
  >
    <legend />
    <div
      className="ReviewFormStarRater__rate-container"
    >
      <input
        checked={false}
        className="ReviewFormStarRater__input"
        id="star1-"
        name="rate-"
        onChange={[Function]}
        required={false}
        type="radio"
        value="1"
      />
      <label
        className="ReviewFormStarRater__label"
        htmlFor="star1-"
        style={
          Object {
            "color": "#ccc",
          }
        }
      >
        1 star
      </label>
      <input
        checked={false}
        className="ReviewFormStarRater__input"
        id="star2-"
        name="rate-"
        onChange={[Function]}
        required={false}
        type="radio"
        value="2"
      />
      <label
        className="ReviewFormStarRater__label"
        htmlFor="star2-"
        style={
          Object {
            "color": "#ccc",
          }
        }
      >
        2 stars
      </label>
      <input
        checked={false}
        className="ReviewFormStarRater__input"
        id="star3-"
        name="rate-"
        onChange={[Function]}
        required={false}
        type="radio"
        value="3"
      />
      <label
        className="ReviewFormStarRater__label"
        htmlFor="star3-"
        style={
          Object {
            "color": "#ccc",
          }
        }
      >
        3 stars
      </label>
      <input
        checked={false}
        className="ReviewFormStarRater__input"
        id="star4-"
        name="rate-"
        onChange={[Function]}
        required={false}
        type="radio"
        value="4"
      />
      <label
        className="ReviewFormStarRater__label"
        htmlFor="star4-"
        style={
          Object {
            "color": "#ccc",
          }
        }
      >
        4 stars
      </label>
      <input
        checked={false}
        className="ReviewFormStarRater__input"
        id="star5-"
        name="rate-"
        onChange={[Function]}
        required={false}
        type="radio"
        value="5"
      />
      <label
        className="ReviewFormStarRater__label"
        htmlFor="star5-"
        style={
          Object {
            "color": "#ccc",
          }
        }
      >
        5 stars
      </label>
    </div>
  </fieldset>
</ReviewFormStarRater>
`;
