// Jest Snapshot v1, https://goo.gl/fbAQLP

exports[`ValidateDogProfileTemperment component renders the UI as expected 1`] = `
<ValidateDogProfileTemperment
  setTempermentError={[Function]}
  temperment=""
  tempermentError="You must select your dog's temperment."
>
  <p
    className="ValidateDogProfileTemperment__validator error"
    id="temperment-validator"
  >
    You must select your dog's temperment.
  </p>
</ValidateDogProfileTemperment>
`;
