// Jest Snapshot v1, https://goo.gl/fbAQLP

exports[`App component renders the UI as expected 1`] = `
<BrowserRouter>
  <Router
    history={
      Object {
        "action": "POP",
        "block": [Function],
        "createHref": [Function],
        "go": [Function],
        "goBack": [Function],
        "goForward": [Function],
        "length": 1,
        "listen": [Function],
        "location": Object {
          "hash": "",
          "pathname": "/",
          "search": "",
          "state": undefined,
        },
        "push": [Function],
        "replace": [Function],
      }
    }
  >
    <App>
      <div
        className="App"
      >
        <Header
          forceUpdate={[Function]}
          location={
            Object {
              "pathname": "/home",
            }
          }
        >
          <header
            className="Header__header"
          >
            <div
              className="Header__mobile-container"
            >
              <Link
                className="Header__dog-date"
                onClick={[Function]}
                to="/"
              >
                <LinkAnchor
                  className="Header__dog-date"
                  href="/"
                  navigate={[Function]}
                  onClick={[Function]}
                >
                  <a
                    className="Header__dog-date"
                    href="/"
                    onClick={[Function]}
                  >
                    Dog Date
                  </a>
                </LinkAnchor>
              </Link>
              <button
                className="Header__hamburger button"
                onClick={[Function]}
              >
                <FontAwesomeIcon
                  border={false}
                  className=""
                  fixedWidth={false}
                  flip={null}
                  icon={
                    Object {
                      "icon": Array [
                        448,
                        512,
                        Array [],
                        "f0c9",
                        "M16 132h416c8.837 0 16-7.163 16-16V76c0-8.837-7.163-16-16-16H16C7.163 60 0 67.163 0 76v40c0 8.837 7.163 16 16 16zm0 160h416c8.837 0 16-7.163 16-16v-40c0-8.837-7.163-16-16-16H16c-8.837 0-16 7.163-16 16v40c0 8.837 7.163 16 16 16zm0 160h416c8.837 0 16-7.163 16-16v-40c0-8.837-7.163-16-16-16H16c-8.837 0-16 7.163-16 16v40c0 8.837 7.163 16 16 16z",
                      ],
                      "iconName": "bars",
                      "prefix": "fas",
                    }
                  }
                  inverse={false}
                  listItem={false}
                  mask={null}
                  pull={null}
                  pulse={false}
                  rotation={null}
                  size={null}
                  spin={false}
                  swapOpacity={false}
                  symbol={false}
                  title=""
                  transform={null}
                >
                  <svg
                    aria-hidden="true"
                    className="svg-inline--fa fa-bars fa-w-14 "
                    data-icon="bars"
                    data-prefix="fas"
                    focusable="false"
                    role="img"
                    style={Object {}}
                    viewBox="0 0 448 512"
                    xmlns="http://www.w3.org/2000/svg"
                  >
                    <path
                      d="M16 132h416c8.837 0 16-7.163 16-16V76c0-8.837-7.163-16-16-16H16C7.163 60 0 67.163 0 76v40c0 8.837 7.163 16 16 16zm0 160h416c8.837 0 16-7.163 16-16v-40c0-8.837-7.163-16-16-16H16c-8.837 0-16 7.163-16 16v40c0 8.837 7.163 16 16 16zm0 160h416c8.837 0 16-7.163 16-16v-40c0-8.837-7.163-16-16-16H16c-8.837 0-16 7.163-16 16v40c0 8.837 7.163 16 16 16z"
                      fill="currentColor"
                      style={Object {}}
                    />
                  </svg>
                </FontAwesomeIcon>
              </button>
            </div>
            <NativeClickListener
              id="Header__native-click-div"
              onClick={[Function]}
            >
              <div
                id="Header__native-click-div"
                role="alert"
              >
                <nav
                  aria-live="polite"
                  className="Header__nav"
                >
                  <ul
                    className="Header__ul"
                  >
                    <li>
                      <NavLink
                        activeClassName="selected"
                        className="Header__navlink"
                        onClick={[Function]}
                        to="/howls"
                      >
                        <Link
                          aria-current={null}
                          className="Header__navlink"
                          onClick={[Function]}
                          to={
                            Object {
                              "hash": "",
                              "pathname": "/howls",
                              "search": "",
                              "state": null,
                            }
                          }
                        >
                          <LinkAnchor
                            aria-current={null}
                            className="Header__navlink"
                            href="/howls"
                            navigate={[Function]}
                            onClick={[Function]}
                          >
                            <a
                              aria-current={null}
                              className="Header__navlink"
                              href="/howls"
                              onClick={[Function]}
                            >
                              Howls
                            </a>
                          </LinkAnchor>
                        </Link>
                      </NavLink>
                    </li>
                    <li>
                      <NavLink
                        activeClassName="selected"
                        className="Header__link"
                        onClick={[Function]}
                        to="/register"
                      >
                        <Link
                          aria-current={null}
                          className="Header__link"
                          onClick={[Function]}
                          to={
                            Object {
                              "hash": "",
                              "pathname": "/register",
                              "search": "",
                              "state": null,
                            }
                          }
                        >
                          <LinkAnchor
                            aria-current={null}
                            className="Header__link"
                            href="/register"
                            navigate={[Function]}
                            onClick={[Function]}
                          >
                            <a
                              aria-current={null}
                              className="Header__link"
                              href="/register"
                              onClick={[Function]}
                            >
                              Register
                            </a>
                          </LinkAnchor>
                        </Link>
                      </NavLink>
                    </li>
                    <li>
                      <NavLink
                        activeClassName="selected"
                        className="Header__link"
                        onClick={[Function]}
                        to={
                          Object {
                            "pathname": "/login",
                            "state": Object {
                              "from": "/home",
                            },
                          }
                        }
                      >
                        <Link
                          aria-current={null}
                          className="Header__link"
                          onClick={[Function]}
                          to={
                            Object {
                              "pathname": "/login",
                              "state": Object {
                                "from": "/home",
                              },
                            }
                          }
                        >
                          <LinkAnchor
                            aria-current={null}
                            className="Header__link"
                            href="/login"
                            navigate={[Function]}
                            onClick={[Function]}
                          >
                            <a
                              aria-current={null}
                              className="Header__link"
                              href="/login"
                              onClick={[Function]}
                            >
                              Log in
                            </a>
                          </LinkAnchor>
                        </Link>
                      </NavLink>
                    </li>
                  </ul>
                </nav>
              </div>
            </NativeClickListener>
          </header>
        </Header>
        <main>
          <ErrorBoundary>
            <Switch>
              <Route
                component={[Function]}
                computedMatch={
                  Object {
                    "isExact": true,
                    "params": Object {},
                    "path": "/",
                    "url": "/",
                  }
                }
                exact={true}
                location={
                  Object {
                    "hash": "",
                    "pathname": "/",
                    "search": "",
                    "state": undefined,
                  }
                }
                path="/"
              >
                <Landing
                  history={
                    Object {
                      "action": "POP",
                      "block": [Function],
                      "createHref": [Function],
                      "go": [Function],
                      "goBack": [Function],
                      "goForward": [Function],
                      "length": 1,
                      "listen": [Function],
                      "location": Object {
                        "hash": "",
                        "pathname": "/",
                        "search": "",
                        "state": undefined,
                      },
                      "push": [Function],
                      "replace": [Function],
                    }
                  }
                  location={
                    Object {
                      "hash": "",
                      "pathname": "/",
                      "search": "",
                      "state": undefined,
                    }
                  }
                  match={
                    Object {
                      "isExact": true,
                      "params": Object {},
                      "path": "/",
                      "url": "/",
                    }
                  }
                >
                  <header>
                    <h1
                      className="Landing__h1"
                    >
                      Welcome to Dog Date!
                    </h1>
                  </header>
                  <section
                    className="Landing__section section"
                  >
                    <header>
                      <h2>
                        What is Dog Date?
                      </h2>
                    </header>
                    <p>
                      Dog Date is an app that helps you find playdates for your dog!
                    </p>
                    <p>
                      This is a demo version of the full Dog Date app designed to get feedback from users.
                    </p>
                    <p>
                      The app is now hooked up to a server, so you can create an account, upload photos, howl about your dog, and more!
                    </p>
                    <p>
                      Get started by 
                      <Link
                        className="link"
                        to="/register"
                      >
                        <LinkAnchor
                          className="link"
                          href="/register"
                          navigate={[Function]}
                        >
                          <a
                            className="link"
                            href="/register"
                            onClick={[Function]}
                          >
                            registering
                          </a>
                        </LinkAnchor>
                      </Link>
                       for an account.
                    </p>
                    <p>
                      After you test the app, please fill out this 
                      <a
                        className="Landing__feedback-link link"
                        href="https://forms.gle/MNAWJUbRpTfPc76k8"
                        rel="noopener noreferrer"
                        target="_blank"
                      >
                        form
                      </a>
                      !
                    </p>
                    <p>
                      Thank you! Thank you! Thank you!
                    </p>
                  </section>
                  <section
                    className="Landing__section section"
                  >
                    <header>
                      <h2>
                        What can Dog Date do?
                      </h2>
                    </header>
                    <section>
                      <header>
                        <h3>
                          Howl about your dog and see what others are howling about!
                        </h3>
                      </header>
                      <p>
                        On Dog Date, you find playmates for your dog by 
                        <Link
                          className="link"
                          to="/create-howl"
                        >
                          <LinkAnchor
                            className="link"
                            href="/create-howl"
                            navigate={[Function]}
                          >
                            <a
                              className="link"
                              href="/create-howl"
                              onClick={[Function]}
                            >
                              creating
                            </a>
                          </LinkAnchor>
                        </Link>
                         and 
                        <Link
                          className="link"
                          to="/howls"
                        >
                          <LinkAnchor
                            className="link"
                            href="/howls"
                            navigate={[Function]}
                          >
                            <a
                              className="link"
                              href="/howls"
                              onClick={[Function]}
                            >
                              viewing
                            </a>
                          </LinkAnchor>
                        </Link>
                         "Howls".  Howls are essentially a message from a user that he or she is looking for playmates for his or her canine companion(s)!  There are two types of Howls: "one-time" and "recurring" playdates.  "One-time" playdates are requests for a playdate on a specific date.  Users post a date, available time frames, and a proposed location, and then wait for other interested users to contact them.  "Recurring" Howls, on the other hand, let users know that a user is generally available at certain times for a playdate (e.g. Saturdays from 11:00 am - 4:00 pm).
                      </p>
                      <p>
                        On the 
                        <Link
                          className="link"
                          to="/howls"
                        >
                          <LinkAnchor
                            className="link"
                            href="/howls"
                            navigate={[Function]}
                          >
                            <a
                              className="link"
                              href="/howls"
                              onClick={[Function]}
                            >
                              Howls page
                            </a>
                          </LinkAnchor>
                        </Link>
                         users can filter howls by zipcode, state, or the average rating of dogs in the Howl (more on ratings below.)
                      </p>
                      <p>
                        Note: At the moment, all of the Howls are demo requests and do not actually represent real-world dogs and users.
                      </p>
                    </section>
                    <section>
                      <header>
                        <h3>
                          Create profiles for your dogs!
                        </h3>
                      </header>
                      <p>
                        Whether you have one or one-hundred dogs, you can 
                        <Link
                          className="link"
                          to="/create-dog-profile"
                        >
                          <LinkAnchor
                            className="link"
                            href="/create-dog-profile"
                            navigate={[Function]}
                          >
                            <a
                              className="link"
                              href="/create-dog-profile"
                              onClick={[Function]}
                            >
                              create profiles
                            </a>
                          </LinkAnchor>
                        </Link>
                         for them on Dog Date.  You can set a profile picture for your dog, characterize its energy-levels, obedience, experience with other dogs, and more!  This allows others to decide if your dog is the right playmate for their dog!
                      </p>
                      <p>
                        Other users can leave reviews of your dog(s) and their dates, and then you can comment on those reviews in response.
                      </p>
                    </section>
                    <section>
                      <header>
                        <h3>
                          View the profiles of other users' dogs
                        </h3>
                      </header>
                      <p>
                        You can also view profiles of other users' dogs and even save those profiles by adding them to your pack!  A dog's profile page not only gives you a description and photo of a user's dog, but it likewise gives you a handy list of Howls about that dog and reviews of that dog by other users.  This allows you quickly to see when and where that dog is available to play and to decide if that dog is the right dog date for your pooch!
                      </p>
                    </section>
                  </section>
                </Landing>
              </Route>
            </Switch>
          </ErrorBoundary>
        </main>
      </div>
    </App>
  </Router>
</BrowserRouter>
`;
