// Jest Snapshot v1, https://goo.gl/fbAQLP

exports[`ValidateTime component renders the UI as expected 1`] = `
<ValidateTime
  meetingType=""
  oneTimeMeetingWindows={
    Object {
      "date": "",
      "timeWindows": Array [],
    }
  }
  recurringMeetingWindows={Array []}
  setTimeError={[Function]}
  timeWindows={Array []}
>
  <div
    className="error"
  >
    <p>
      Error: Something went wrong. Check your connection and try again.
    </p>
  </div>
</ValidateTime>
`;
