// Jest Snapshot v1, https://goo.gl/fbAQLP

exports[`DogProfilePageHeaderButtons component renders the UI as expected 1`] = `
<BrowserRouter>
  <Router
    history={
      Object {
        "action": "POP",
        "block": [Function],
        "createHref": [Function],
        "go": [Function],
        "goBack": [Function],
        "goForward": [Function],
        "length": 1,
        "listen": [Function],
        "location": Object {
          "hash": "",
          "pathname": "/",
          "search": "",
          "state": undefined,
        },
        "push": [Function],
        "replace": [Function],
      }
    }
  >
    <withRouter(DogProfilePageHeaderButtons)>
      <DogProfilePageHeaderButtons
        dog_profile={
          Object {
            "id": "",
            "name": "",
            "owner": Object {
              "email": "",
              "id": "",
              "phone": "",
              "username": "",
            },
          }
        }
        history={
          Object {
            "action": "POP",
            "block": [Function],
            "createHref": [Function],
            "go": [Function],
            "goBack": [Function],
            "goForward": [Function],
            "length": 1,
            "listen": [Function],
            "location": Object {
              "hash": "",
              "pathname": "/",
              "search": "",
              "state": undefined,
            },
            "push": [Function],
            "replace": [Function],
          }
        }
        location={
          Object {
            "hash": "",
            "pathname": "/",
            "search": "",
            "state": undefined,
          }
        }
        match={
          Object {
            "isExact": true,
            "params": Object {},
            "path": "/",
            "url": "/",
          }
        }
        setShowEdit={[Function]}
        showEdit={false}
      >
        <div
          className="error"
          role="alert"
        >
          <p>
            Error: Looks like something went wrong. Please check your connection and try again.
          </p>
        </div>
      </DogProfilePageHeaderButtons>
    </withRouter(DogProfilePageHeaderButtons)>
  </Router>
</BrowserRouter>
`;
