// Jest Snapshot v1, https://goo.gl/fbAQLP

exports[`ValidateEmail component renders the UI as expected 1`] = `
<ValidateEmail
  email=""
  emailAlreadyRegistered=""
  emailValidationError="Email invalid."
  setEmailValidationError={[Function]}
  suffix=""
>
  <p
    className="ValidateEmail__validator error"
    id="email-validation"
  >
    A valid email address is required.
    <br />
  </p>
</ValidateEmail>
`;
