// Jest Snapshot v1, https://goo.gl/fbAQLP

exports[`ValidateState component renders the UI as expected 1`] = `
<ValidateState
  setStateError={[Function]}
  state=""
  stateError="You must select a state."
>
  <p
    className="ValidateState__validator error"
    id="state-validator"
  >
    You must select a state.
  </p>
</ValidateState>
`;
